{"seed": 0, "state": "FAILED", "failure": "POLICY_ERROR", "recoveries": 0, "steps": 133, "wall_s": 3.07}
{"seed": 1, "state": "FAILED", "failure": "POLICY_ERROR", "recoveries": 0, "steps": 132, "wall_s": 7.38}
{"seed": 2, "state": "FAILED", "failure": "POLICY_ERROR", "recoveries": 0, "steps": 132, "wall_s": 3.23}
{"seed": 3, "state": "FAILED", "failure": "POLICY_ERROR", "recoveries": 0, "steps": 132, "wall_s": 3.22}
{"seed": 4, "state": "FAILED", "failure": "POLICY_ERROR", "recoveries": 0, "steps": 132, "wall_s": 3.38}
{"seed": 5, "state": "FAILED", "failure": "POLICY_ERROR", "recoveries": 0, "steps": 133, "wall_s": 3.53}
{"seed": 6, "state": "FAILED", "failure": "POLICY_ERROR", "recoveries": 0, "steps": 132, "wall_s": 3.05}
{"seed": 7, "state": "FAILED", "failure": "POLICY_ERROR", "recoveries": 0, "steps": 132, "wall_s": 4.57}
{"seed": 8, "state": "FAILED", "failure": "POLICY_ERROR", "recoveries": 0, "steps": 132, "wall_s": 4.16}
{"seed": 9, "state": "FAILED", "failure": "POLICY_ERROR", "recoveries": 0, "steps": 132, "wall_s": 5.53}
{
  "run": "scripted_sup-off_fault-glitch",
  "created_utc": "20260915-090657",
  "git_revision": "9856b6279a963d5f8cd75fa0d51e5ac6452a5bab",
  "policy": {
    "name": "scripted_teacher",
    "backend": "python",
    "device": "cpu",
    "checkpoint": null,
    "privileged_state": true,
    "note": "IK teacher; baseline and demonstration source only"
  },
  "supervisor": false,
  "fault": "glitch",
  "seeds": [
    0,
    1,
    2,
    3,
    4,
    5,
    6,
    7,
    8,
    9
  ],
  "episodes": 10,
  "success_rate": 0.0,
  "successes": 0,
  "failures": {
    "POLICY_ERROR": 10
  },
  "collision_episodes": 0,
  "faults_injected": 10,
  "recovered_after_fault": 0,
  "mean_recoveries": 0.0,
  "mean_sim_seconds_success": null,
  "inference_calls": 0,
  "inference_mean_s": null,
  "inference_p95_s": null,
  "platform": {
    "processor": "Intel64 Family 6 Model 78 Stepping 3, GenuineIntel",
    "system": "Windows-10-10.0.19045-SP0",
    "python": "3.12.10"
  },
  "note": "Simulation time pauses during policy inference; latency is wall-clock and reported separately."
}
