{"seed": 0, "state": "SUCCEEDED", "failure": null, "recoveries": 0, "steps": 534, "wall_s": 13.21}
{"seed": 1, "state": "SUCCEEDED", "failure": null, "recoveries": 0, "steps": 532, "wall_s": 13.67}
{"seed": 2, "state": "SUCCEEDED", "failure": null, "recoveries": 0, "steps": 533, "wall_s": 12.74}
{"seed": 3, "state": "SUCCEEDED", "failure": null, "recoveries": 0, "steps": 532, "wall_s": 13.7}
{"seed": 4, "state": "SUCCEEDED", "failure": null, "recoveries": 0, "steps": 533, "wall_s": 11.98}
{"seed": 5, "state": "SUCCEEDED", "failure": null, "recoveries": 0, "steps": 532, "wall_s": 13.63}
{"seed": 6, "state": "FAILED", "failure": "POLICY_ERROR", "recoveries": 1, "steps": 352, "wall_s": 11.51}
{"seed": 7, "state": "SUCCEEDED", "failure": null, "recoveries": 0, "steps": 533, "wall_s": 16.86}
{"seed": 8, "state": "SUCCEEDED", "failure": null, "recoveries": 0, "steps": 531, "wall_s": 13.19}
{"seed": 9, "state": "FAILED", "failure": "RECOVERY_EXHAUSTED", "recoveries": 2, "steps": 386, "wall_s": 7.86}
{
  "run": "scripted_v2_sup-on_fault-none",
  "created_utc": "20260915-192943",
  "git_revision": "484d2bd354b609ba8b26aaa2052db0ddd72f912a",
  "policy": {
    "name": "scripted_teacher",
    "backend": "python",
    "device": "cpu",
    "checkpoint": null,
    "privileged_state": true,
    "note": "IK teacher; baseline and demonstration source only"
  },
  "supervisor": true,
  "fault": "none",
  "seeds": [
    0,
    1,
    2,
    3,
    4,
    5,
    6,
    7,
    8,
    9
  ],
  "episodes": 10,
  "max_steps_override": null,
  "success_rate": 0.8,
  "successes": 8,
  "failures": {
    "POLICY_ERROR": 1,
    "RECOVERY_EXHAUSTED": 1
  },
  "collision_episodes": 0,
  "faults_injected": 0,
  "recovered_after_fault": 0,
  "mean_recoveries": 0.3,
  "mean_sim_seconds_success": 26.624999999998987,
  "inference_calls": 0,
  "inference_mean_s": null,
  "inference_p95_s": null,
  "platform": {
    "processor": "Intel64 Family 6 Model 78 Stepping 3, GenuineIntel",
    "system": "Windows-10-10.0.19045-SP0",
    "python": "3.12.10"
  },
  "note": "Simulation time pauses during policy inference; latency is wall-clock and reported separately."
}
