{"seed": 0, "state": "SUCCEEDED", "failure": null, "recoveries": 1, "steps": 658, "wall_s": 14.78}
{"seed": 1, "state": "SUCCEEDED", "failure": null, "recoveries": 1, "steps": 656, "wall_s": 16.19}
{"seed": 2, "state": "FAILED", "failure": "RECOVERY_EXHAUSTED", "recoveries": 2, "steps": 460, "wall_s": 9.54}
{"seed": 3, "state": "SUCCEEDED", "failure": null, "recoveries": 1, "steps": 659, "wall_s": 18.11}
{"seed": 4, "state": "SUCCEEDED", "failure": null, "recoveries": 1, "steps": 655, "wall_s": 10.51}
{"seed": 5, "state": "FAILED", "failure": "TARGET_MISSED", "recoveries": 2, "steps": 840, "wall_s": 24.88}
{"seed": 6, "state": "SUCCEEDED", "failure": null, "recoveries": 2, "steps": 784, "wall_s": 23.18}
{"seed": 7, "state": "SUCCEEDED", "failure": null, "recoveries": 1, "steps": 659, "wall_s": 19.55}
{"seed": 8, "state": "FAILED", "failure": "RECOVERY_EXHAUSTED", "recoveries": 2, "steps": 316, "wall_s": 7.99}
{"seed": 9, "state": "FAILED", "failure": "POLICY_ERROR", "recoveries": 1, "steps": 262, "wall_s": 15.91}
{
  "run": "scripted_sup-on_fault-glitch",
  "created_utc": "20260915-090746",
  "git_revision": "eef290e417db73358ea135d2b77bd3e77405fa31",
  "policy": {
    "name": "scripted_teacher",
    "backend": "python",
    "device": "cpu",
    "checkpoint": null,
    "privileged_state": true,
    "note": "IK teacher; baseline and demonstration source only"
  },
  "supervisor": true,
  "fault": "glitch",
  "seeds": [
    0,
    1,
    2,
    3,
    4,
    5,
    6,
    7,
    8,
    9
  ],
  "episodes": 10,
  "success_rate": 0.6,
  "successes": 6,
  "failures": {
    "RECOVERY_EXHAUSTED": 2,
    "TARGET_MISSED": 1,
    "POLICY_ERROR": 1
  },
  "collision_episodes": 0,
  "faults_injected": 10,
  "recovered_after_fault": 6,
  "mean_recoveries": 1.4,
  "mean_sim_seconds_success": 33.9249999999989,
  "inference_calls": 0,
  "inference_mean_s": null,
  "inference_p95_s": null,
  "platform": {
    "processor": "Intel64 Family 6 Model 78 Stepping 3, GenuineIntel",
    "system": "Windows-10-10.0.19045-SP0",
    "python": "3.12.10"
  },
  "note": "Simulation time pauses during policy inference; latency is wall-clock and reported separately."
}
