{"seed": 0, "state": "SUCCEEDED", "failure": null, "recoveries": 1, "steps": 658, "wall_s": 15.45}
{"seed": 1, "state": "SUCCEEDED", "failure": null, "recoveries": 1, "steps": 656, "wall_s": 14.77}
{"seed": 2, "state": "SUCCEEDED", "failure": null, "recoveries": 1, "steps": 664, "wall_s": 14.69}
{"seed": 3, "state": "SUCCEEDED", "failure": null, "recoveries": 1, "steps": 660, "wall_s": 14.79}
{"seed": 4, "state": "SUCCEEDED", "failure": null, "recoveries": 1, "steps": 654, "wall_s": 14.38}
{"seed": 5, "state": "SUCCEEDED", "failure": null, "recoveries": 1, "steps": 661, "wall_s": 16.15}
{"seed": 6, "state": "FAILED", "failure": "RECOVERY_EXHAUSTED", "recoveries": 2, "steps": 558, "wall_s": 14.83}
{"seed": 7, "state": "SUCCEEDED", "failure": null, "recoveries": 1, "steps": 661, "wall_s": 15.32}
{"seed": 8, "state": "FAILED", "failure": "RECOVERY_EXHAUSTED", "recoveries": 2, "steps": 317, "wall_s": 6.96}
{"seed": 9, "state": "FAILED", "failure": "POLICY_ERROR", "recoveries": 1, "steps": 262, "wall_s": 7.32}
{
  "run": "scripted_v2_sup-on_fault-glitch",
  "created_utc": "20260915-193246",
  "git_revision": "484d2bd354b609ba8b26aaa2052db0ddd72f912a",
  "policy": {
    "name": "scripted_teacher",
    "backend": "python",
    "device": "cpu",
    "checkpoint": null,
    "privileged_state": true,
    "note": "IK teacher; baseline and demonstration source only"
  },
  "supervisor": true,
  "fault": "glitch",
  "seeds": [
    0,
    1,
    2,
    3,
    4,
    5,
    6,
    7,
    8,
    9
  ],
  "episodes": 10,
  "max_steps_override": null,
  "success_rate": 0.7,
  "successes": 7,
  "failures": {
    "RECOVERY_EXHAUSTED": 2,
    "POLICY_ERROR": 1
  },
  "collision_episodes": 0,
  "faults_injected": 10,
  "recovered_after_fault": 7,
  "mean_recoveries": 1.2,
  "mean_sim_seconds_success": 32.957142857141264,
  "inference_calls": 0,
  "inference_mean_s": null,
  "inference_p95_s": null,
  "platform": {
    "processor": "Intel64 Family 6 Model 78 Stepping 3, GenuineIntel",
    "system": "Windows-10-10.0.19045-SP0",
    "python": "3.12.10"
  },
  "note": "Simulation time pauses during policy inference; latency is wall-clock and reported separately."
}
